// Jest Snapshot v1, https://goo.gl/fbAQLP

exports[`Clients should render the "Client Card"  1`] = `
<DocumentFragment>
  <div>
    <li>
      <div
        class="customerCard"
      >
        <div
          class="deleteButtonFlex"
        >
          <svg
            aria-hidden="true"
            class="reactIcons"
            fill="currentColor"
            viewBox="0 0 20 20"
            xmlns="http://www.w3.org/2000/svg"
          >
            <path
              d="M17.414 2.586a2 2 0 00-2.828 0L7 10.172V13h2.828l7.586-7.586a2 2 0 000-2.828z"
            />
            <path
              clip-rule="evenodd"
              d="M2 6a2 2 0 012-2h4a1 1 0 010 2H4v10h10v-4a1 1 0 112 0v4a2 2 0 01-2 2H4a2 2 0 01-2-2V6z"
              fill-rule="evenodd"
            />
          </svg>
          <svg
            aria-hidden="true"
            class="reactIcons"
            fill="currentColor"
            viewBox="0 0 20 20"
            xmlns="http://www.w3.org/2000/svg"
          >
            <path
              clip-rule="evenodd"
              d="M9 2a1 1 0 00-.894.553L7.382 4H4a1 1 0 000 2v10a2 2 0 002 2h8a2 2 0 002-2V6a1 1 0 100-2h-3.382l-.724-1.447A1 1 0 0011 2H9zM7 8a1 1 0 012 0v6a1 1 0 11-2 0V8zm5-1a1 1 0 00-1 1v6a1 1 0 102 0V8a1 1 0 00-1-1z"
              fill-rule="evenodd"
            />
          </svg>
        </div>
        <div
          class="field_edit"
        >
          <p
            class="date"
          >
             12/23/23 
          </p>
        </div>
        <div
          class="field_edit"
        >
          <p
            class="printedFields"
          >
            Name: Robert Valens 
          </p>
        </div>
        <div
          class="field_edit"
        >
          <p
            class="printedFields"
          >
            Zip Code: 90123
          </p>
        </div>
        <div
          class="field_edit"
        >
          <p
            class="printedFields"
          >
            Email: bob@gmail.com
          </p>
        </div>
        <div
          class="field_edit"
        >
          <p
            class="printedFields"
          >
            Phone: 4089765423
          </p>
        </div>
        <div
          class="field_edit"
        >
          <div
            class="printedFields"
          >
            Instruments: 
            <p
              class="instrument"
            >
              Guitar
            </p>
          </div>
        </div>
        <div
          class="field_edit"
        >
          <p
            class="printedFields"
          >
            LeadSource: Facebooks
          </p>
        </div>
        <div
          class="field_edit"
        >
          <p
            class="printedFields"
          >
            Availability: Monday
          </p>
        </div>
        <div
          class="field_edit"
        >
          <p
            class="printedFields"
          >
            Message: 
          </p>
        </div>
      </div>
    </li>
  </div>
</DocumentFragment>
`;
