// Jest Snapshot v1, https://goo.gl/fbAQLP

exports[`Client Component should render the "Client Componenent" 1`] = `
<DocumentFragment>
  <div>
    <ul
      class="flex"
    />
  </div>
</DocumentFragment>
`;
